<?xml version="1.0" encoding="ISO-8859-1" ?>
<link_info>
   <banner>TI ARM Linker PC v20.2.4.LTS</banner>
   <copyright>Copyright (c) 1996-2018 Texas Instruments Incorporated</copyright>
   <link_time>0x61ae79d3</link_time>
   <link_errors>0x0</link_errors>
   <output_file>PROJECT.out</output_file>
   <entry_point>
      <name>_c_int00_noargs</name>
      <address>0x4469</address>
   </entry_point>
   <input_file_list>
      <input_file id="fl-2">
         <path>.\</path>
         <kind>object</kind>
         <file>ak_pro.obj</file>
         <name>ak_pro.obj</name>
      </input_file>
      <input_file id="fl-3">
         <path>.\</path>
         <kind>object</kind>
         <file>clock.obj</file>
         <name>clock.obj</name>
      </input_file>
      <input_file id="fl-4">
         <path>.\</path>
         <kind>object</kind>
         <file>tm4c123gh6pm_startup_ccs.obj</file>
         <name>tm4c123gh6pm_startup_ccs.obj</name>
      </input_file>
      <input_file id="fl-5">
         <path>.\</path>
         <kind>object</kind>
         <file>wait.obj</file>
         <name>wait.obj</name>
      </input_file>
      <input_file id="fl-9">
         <kind>object</kind>
         <file>&lt;internal&gt;</file>
         <name>&lt;internal&gt;</name>
      </input_file>
      <input_file id="fl-bf">
         <path>C:\ti\ccs1031\ccs\tools\compiler\ti-cgt-arm_20.2.4.LTS\lib\</path>
         <kind>archive</kind>
         <file>rtsv7M4_T_le_v4SPD16_eabi.lib</file>
         <name>sprintf.c.obj</name>
      </input_file>
      <input_file id="fl-c0">
         <path>C:\ti\ccs1031\ccs\tools\compiler\ti-cgt-arm_20.2.4.LTS\lib\</path>
         <kind>archive</kind>
         <file>rtsv7M4_T_le_v4SPD16_eabi.lib</file>
         <name>memcpy_t2.asm.obj</name>
      </input_file>
      <input_file id="fl-c1">
         <path>C:\ti\ccs1031\ccs\tools\compiler\ti-cgt-arm_20.2.4.LTS\lib\</path>
         <kind>archive</kind>
         <file>rtsv7M4_T_le_v4SPD16_eabi.lib</file>
         <name>copy_zero_init.c.obj</name>
      </input_file>
      <input_file id="fl-c2">
         <path>C:\ti\ccs1031\ccs\tools\compiler\ti-cgt-arm_20.2.4.LTS\lib\</path>
         <kind>archive</kind>
         <file>rtsv7M4_T_le_v4SPD16_eabi.lib</file>
         <name>copy_decompress_none.c.obj</name>
      </input_file>
      <input_file id="fl-c3">
         <path>C:\ti\ccs1031\ccs\tools\compiler\ti-cgt-arm_20.2.4.LTS\lib\</path>
         <kind>archive</kind>
         <file>rtsv7M4_T_le_v4SPD16_eabi.lib</file>
         <name>copy_decompress_lzss.c.obj</name>
      </input_file>
      <input_file id="fl-c4">
         <path>C:\ti\ccs1031\ccs\tools\compiler\ti-cgt-arm_20.2.4.LTS\lib\</path>
         <kind>archive</kind>
         <file>rtsv7M4_T_le_v4SPD16_eabi.lib</file>
         <name>boot_cortex_m.c.obj</name>
      </input_file>
      <input_file id="fl-c5">
         <path>C:\ti\ccs1031\ccs\tools\compiler\ti-cgt-arm_20.2.4.LTS\lib\</path>
         <kind>archive</kind>
         <file>rtsv7M4_T_le_v4SPD16_eabi.lib</file>
         <name>_printfi.c.obj</name>
      </input_file>
      <input_file id="fl-c6">
         <path>C:\ti\ccs1031\ccs\tools\compiler\ti-cgt-arm_20.2.4.LTS\lib\</path>
         <kind>archive</kind>
         <file>rtsv7M4_T_le_v4SPD16_eabi.lib</file>
         <name>s_frexp.c.obj</name>
      </input_file>
      <input_file id="fl-c7">
         <path>C:\ti\ccs1031\ccs\tools\compiler\ti-cgt-arm_20.2.4.LTS\lib\</path>
         <kind>archive</kind>
         <file>rtsv7M4_T_le_v4SPD16_eabi.lib</file>
         <name>s_scalbn.c.obj</name>
      </input_file>
      <input_file id="fl-c8">
         <path>C:\ti\ccs1031\ccs\tools\compiler\ti-cgt-arm_20.2.4.LTS\lib\</path>
         <kind>archive</kind>
         <file>rtsv7M4_T_le_v4SPD16_eabi.lib</file>
         <name>s_copysign.c.obj</name>
      </input_file>
      <input_file id="fl-c9">
         <path>C:\ti\ccs1031\ccs\tools\compiler\ti-cgt-arm_20.2.4.LTS\lib\</path>
         <kind>archive</kind>
         <file>rtsv7M4_T_le_v4SPD16_eabi.lib</file>
         <name>ull_div_t2.asm.obj</name>
      </input_file>
      <input_file id="fl-ca">
         <path>C:\ti\ccs1031\ccs\tools\compiler\ti-cgt-arm_20.2.4.LTS\lib\</path>
         <kind>archive</kind>
         <file>rtsv7M4_T_le_v4SPD16_eabi.lib</file>
         <name>memset_t2.asm.obj</name>
      </input_file>
      <input_file id="fl-cb">
         <path>C:\ti\ccs1031\ccs\tools\compiler\ti-cgt-arm_20.2.4.LTS\lib\</path>
         <kind>archive</kind>
         <file>rtsv7M4_T_le_v4SPD16_eabi.lib</file>
         <name>fd_add_t2.asm.obj</name>
      </input_file>
      <input_file id="fl-cc">
         <path>C:\ti\ccs1031\ccs\tools\compiler\ti-cgt-arm_20.2.4.LTS\lib\</path>
         <kind>archive</kind>
         <file>rtsv7M4_T_le_v4SPD16_eabi.lib</file>
         <name>fd_cmp_t2.asm.obj</name>
      </input_file>
      <input_file id="fl-cd">
         <path>C:\ti\ccs1031\ccs\tools\compiler\ti-cgt-arm_20.2.4.LTS\lib\</path>
         <kind>archive</kind>
         <file>rtsv7M4_T_le_v4SPD16_eabi.lib</file>
         <name>fd_div_t2.asm.obj</name>
      </input_file>
      <input_file id="fl-ce">
         <path>C:\ti\ccs1031\ccs\tools\compiler\ti-cgt-arm_20.2.4.LTS\lib\</path>
         <kind>archive</kind>
         <file>rtsv7M4_T_le_v4SPD16_eabi.lib</file>
         <name>fd_mul_t2.asm.obj</name>
      </input_file>
      <input_file id="fl-cf">
         <path>C:\ti\ccs1031\ccs\tools\compiler\ti-cgt-arm_20.2.4.LTS\lib\</path>
         <kind>archive</kind>
         <file>rtsv7M4_T_le_v4SPD16_eabi.lib</file>
         <name>fd_toi_t2.asm.obj</name>
      </input_file>
      <input_file id="fl-d0">
         <path>C:\ti\ccs1031\ccs\tools\compiler\ti-cgt-arm_20.2.4.LTS\lib\</path>
         <kind>archive</kind>
         <file>rtsv7M4_T_le_v4SPD16_eabi.lib</file>
         <name>i_tofd_t2.asm.obj</name>
      </input_file>
      <input_file id="fl-d1">
         <path>C:\ti\ccs1031\ccs\tools\compiler\ti-cgt-arm_20.2.4.LTS\lib\</path>
         <kind>archive</kind>
         <file>rtsv7M4_T_le_v4SPD16_eabi.lib</file>
         <name>autoinit.c.obj</name>
      </input_file>
      <input_file id="fl-d2">
         <path>C:\ti\ccs1031\ccs\tools\compiler\ti-cgt-arm_20.2.4.LTS\lib\</path>
         <kind>archive</kind>
         <file>rtsv7M4_T_le_v4SPD16_eabi.lib</file>
         <name>pre_init.c.obj</name>
      </input_file>
      <input_file id="fl-d3">
         <path>C:\ti\ccs1031\ccs\tools\compiler\ti-cgt-arm_20.2.4.LTS\lib\</path>
         <kind>archive</kind>
         <file>rtsv7M4_T_le_v4SPD16_eabi.lib</file>
         <name>cpy_tbl.c.obj</name>
      </input_file>
      <input_file id="fl-d4">
         <path>C:\ti\ccs1031\ccs\tools\compiler\ti-cgt-arm_20.2.4.LTS\lib\</path>
         <kind>archive</kind>
         <file>rtsv7M4_T_le_v4SPD16_eabi.lib</file>
         <name>exit.c.obj</name>
      </input_file>
      <input_file id="fl-d5">
         <path>C:\ti\ccs1031\ccs\tools\compiler\ti-cgt-arm_20.2.4.LTS\lib\</path>
         <kind>archive</kind>
         <file>rtsv7M4_T_le_v4SPD16_eabi.lib</file>
         <name>_lock.c.obj</name>
      </input_file>
      <input_file id="fl-d6">
         <path>C:\ti\ccs1031\ccs\tools\compiler\ti-cgt-arm_20.2.4.LTS\lib\</path>
         <kind>archive</kind>
         <file>rtsv7M4_T_le_v4SPD16_eabi.lib</file>
         <name>_ltoa.c.obj</name>
      </input_file>
      <input_file id="fl-d7">
         <path>C:\ti\ccs1031\ccs\tools\compiler\ti-cgt-arm_20.2.4.LTS\lib\</path>
         <kind>archive</kind>
         <file>rtsv7M4_T_le_v4SPD16_eabi.lib</file>
         <name>args_main.c.obj</name>
      </input_file>
      <input_file id="fl-d8">
         <path>C:\ti\ccs1031\ccs\tools\compiler\ti-cgt-arm_20.2.4.LTS\lib\</path>
         <kind>archive</kind>
         <file>rtsv7M4_T_le_v4SPD16_eabi.lib</file>
         <name>atoi.c.obj</name>
      </input_file>
      <input_file id="fl-d9">
         <path>C:\ti\ccs1031\ccs\tools\compiler\ti-cgt-arm_20.2.4.LTS\lib\</path>
         <kind>archive</kind>
         <file>rtsv7M4_T_le_v4SPD16_eabi.lib</file>
         <name>ctype.c.obj</name>
      </input_file>
      <input_file id="fl-da">
         <path>C:\ti\ccs1031\ccs\tools\compiler\ti-cgt-arm_20.2.4.LTS\lib\</path>
         <kind>archive</kind>
         <file>rtsv7M4_T_le_v4SPD16_eabi.lib</file>
         <name>memccpy.c.obj</name>
      </input_file>
      <input_file id="fl-db">
         <path>C:\ti\ccs1031\ccs\tools\compiler\ti-cgt-arm_20.2.4.LTS\lib\</path>
         <kind>archive</kind>
         <file>rtsv7M4_T_le_v4SPD16_eabi.lib</file>
         <name>strchr.c.obj</name>
      </input_file>
      <input_file id="fl-dc">
         <path>C:\ti\ccs1031\ccs\tools\compiler\ti-cgt-arm_20.2.4.LTS\lib\</path>
         <kind>archive</kind>
         <file>rtsv7M4_T_le_v4SPD16_eabi.lib</file>
         <name>strlen.c.obj</name>
      </input_file>
      <input_file id="fl-dd">
         <path>C:\ti\ccs1031\ccs\tools\compiler\ti-cgt-arm_20.2.4.LTS\lib\</path>
         <kind>archive</kind>
         <file>rtsv7M4_T_le_v4SPD16_eabi.lib</file>
         <name>errno.c.obj</name>
      </input_file>
      <input_file id="fl-de">
         <path>C:\ti\ccs1031\ccs\tools\compiler\ti-cgt-arm_20.2.4.LTS\lib\</path>
         <kind>archive</kind>
         <file>rtsv7M4_T_le_v4SPD16_eabi.lib</file>
         <name>wcslen.c.obj</name>
      </input_file>
      <input_file id="fl-df">
         <path>C:\ti\ccs1031\ccs\tools\compiler\ti-cgt-arm_20.2.4.LTS\lib\</path>
         <kind>archive</kind>
         <file>rtsv7M4_T_le_v4SPD16_eabi.lib</file>
         <name>div0.asm.obj</name>
      </input_file>
   </input_file_list>
   <object_component_list>
      <object_component id="oc-12">
         <name>.intvecs</name>
         <load_address>0x0</load_address>
         <run_address>0x0</run_address>
         <size>0x26c</size>
         <input_file_ref idref="fl-4"/>
      </object_component>
      <object_component id="oc-2d">
         <name>.text</name>
         <load_address>0x26c</load_address>
         <run_address>0x26c</run_address>
         <size>0x2518</size>
         <input_file_ref idref="fl-2"/>
      </object_component>
      <object_component id="oc-eb">
         <name>.text:__TI_printfi</name>
         <load_address>0x2784</load_address>
         <run_address>0x2784</run_address>
         <size>0xa4e</size>
         <input_file_ref idref="fl-c5"/>
      </object_component>
      <object_component id="oc-26f">
         <name>.text</name>
         <load_address>0x31d2</load_address>
         <run_address>0x31d2</run_address>
         <size>0x2</size>
         <input_file_ref idref="fl-df"/>
      </object_component>
      <object_component id="oc-180">
         <name>.text:_pconv_a</name>
         <load_address>0x31d4</load_address>
         <run_address>0x31d4</run_address>
         <size>0x270</size>
         <input_file_ref idref="fl-c5"/>
      </object_component>
      <object_component id="oc-16e">
         <name>.text:_pconv_g</name>
         <load_address>0x3444</load_address>
         <run_address>0x3444</run_address>
         <size>0x1d0</size>
         <input_file_ref idref="fl-c5"/>
      </object_component>
      <object_component id="oc-1f5">
         <name>.text</name>
         <load_address>0x3614</load_address>
         <run_address>0x3614</run_address>
         <size>0x1b6</size>
         <input_file_ref idref="fl-cb"/>
      </object_component>
      <object_component id="oc-17a">
         <name>.text:_pconv_e</name>
         <load_address>0x37cc</load_address>
         <run_address>0x37cc</run_address>
         <size>0x13c</size>
         <input_file_ref idref="fl-c5"/>
      </object_component>
      <object_component id="oc-1db">
         <name>.text</name>
         <load_address>0x3908</load_address>
         <run_address>0x3908</run_address>
         <size>0x136</size>
         <input_file_ref idref="fl-cd"/>
      </object_component>
      <object_component id="oc-207">
         <name>.text:fcvt</name>
         <load_address>0x3a40</load_address>
         <run_address>0x3a40</run_address>
         <size>0x124</size>
         <input_file_ref idref="fl-c5"/>
      </object_component>
      <object_component id="oc-21b">
         <name>.text:scalbn</name>
         <load_address>0x3b64</load_address>
         <run_address>0x3b64</run_address>
         <size>0x110</size>
         <input_file_ref idref="fl-c7"/>
      </object_component>
      <object_component id="oc-1d6">
         <name>.text</name>
         <load_address>0x3c74</load_address>
         <run_address>0x3c74</run_address>
         <size>0xfc</size>
         <input_file_ref idref="fl-ce"/>
      </object_component>
      <object_component id="oc-163">
         <name>.text:_ltostr</name>
         <load_address>0x3d70</load_address>
         <run_address>0x3d70</run_address>
         <size>0xb1</size>
         <input_file_ref idref="fl-c5"/>
      </object_component>
      <object_component id="oc-41">
         <name>.text</name>
         <load_address>0x3e22</load_address>
         <run_address>0x3e22</run_address>
         <size>0x9c</size>
         <input_file_ref idref="fl-c0"/>
      </object_component>
      <object_component id="oc-1cf">
         <name>.text</name>
         <load_address>0x3ebe</load_address>
         <run_address>0x3ebe</run_address>
         <size>0x96</size>
         <input_file_ref idref="fl-c9"/>
      </object_component>
      <object_component id="oc-169">
         <name>.text:__aeabi_cdcmple</name>
         <load_address>0x3f54</load_address>
         <run_address>0x3f54</run_address>
         <size>0x86</size>
         <input_file_ref idref="fl-cc"/>
      </object_component>
      <object_component id="oc-1e0">
         <name>.text:__aeabi_cdrcmple</name>
         <load_address>0x3fda</load_address>
         <run_address>0x3fda</run_address>
         <size>0x86</size>
         <input_file_ref idref="fl-cc"/>
      </object_component>
      <object_component id="oc-c8">
         <name>.text</name>
         <load_address>0x4060</load_address>
         <run_address>0x4060</run_address>
         <size>0x7a</size>
         <input_file_ref idref="fl-ca"/>
      </object_component>
      <object_component id="oc-200">
         <name>.text:_mcpy</name>
         <load_address>0x40da</load_address>
         <run_address>0x40da</run_address>
         <size>0x6e</size>
         <input_file_ref idref="fl-c5"/>
      </object_component>
      <object_component id="oc-15">
         <name>.text:decompress:lzss:__TI_decompress_lzss</name>
         <load_address>0x4148</load_address>
         <run_address>0x4148</run_address>
         <size>0x68</size>
         <input_file_ref idref="fl-c3"/>
      </object_component>
      <object_component id="oc-215">
         <name>.text:frexp</name>
         <load_address>0x41b0</load_address>
         <run_address>0x41b0</run_address>
         <size>0x64</size>
         <input_file_ref idref="fl-c6"/>
      </object_component>
      <object_component id="oc-174">
         <name>.text:_pconv_f</name>
         <load_address>0x4214</load_address>
         <run_address>0x4214</run_address>
         <size>0x56</size>
         <input_file_ref idref="fl-c5"/>
      </object_component>
      <object_component id="oc-1ea">
         <name>.text:__TI_ltoa</name>
         <load_address>0x426a</load_address>
         <run_address>0x426a</run_address>
         <size>0x54</size>
         <input_file_ref idref="fl-d6"/>
      </object_component>
      <object_component id="oc-1fa">
         <name>.text:_ecpy</name>
         <load_address>0x42be</load_address>
         <run_address>0x42be</run_address>
         <size>0x52</size>
         <input_file_ref idref="fl-c5"/>
      </object_component>
      <object_component id="oc-15d">
         <name>.text:atoi</name>
         <load_address>0x4310</load_address>
         <run_address>0x4310</run_address>
         <size>0x4c</size>
         <input_file_ref idref="fl-d8"/>
      </object_component>
      <object_component id="oc-1e5">
         <name>.text</name>
         <load_address>0x435c</load_address>
         <run_address>0x435c</run_address>
         <size>0x48</size>
         <input_file_ref idref="fl-cf"/>
      </object_component>
      <object_component id="oc-125">
         <name>.text:__TI_auto_init_nobinit_nopinit:__TI_auto_init_nobinit_nopinit</name>
         <load_address>0x43a4</load_address>
         <run_address>0x43a4</run_address>
         <size>0x44</size>
         <input_file_ref idref="fl-d1"/>
      </object_component>
      <object_component id="oc-8a">
         <name>.text:sprintf</name>
         <load_address>0x43e8</load_address>
         <run_address>0x43e8</run_address>
         <size>0x40</size>
         <input_file_ref idref="fl-bf"/>
      </object_component>
      <object_component id="oc-20d">
         <name>.text:_fcpy</name>
         <load_address>0x4428</load_address>
         <run_address>0x4428</run_address>
         <size>0x3e</size>
         <input_file_ref idref="fl-c5"/>
      </object_component>
      <object_component id="oc-5f">
         <name>.text:_c_int00_noargs:_c_int00_noargs</name>
         <load_address>0x4468</load_address>
         <run_address>0x4468</run_address>
         <size>0x34</size>
         <input_file_ref idref="fl-c4"/>
      </object_component>
      <object_component id="oc-1f0">
         <name>.text</name>
         <load_address>0x449c</load_address>
         <run_address>0x449c</run_address>
         <size>0x2e</size>
         <input_file_ref idref="fl-d0"/>
      </object_component>
      <object_component id="oc-7a">
         <name>.text</name>
         <load_address>0x44ca</load_address>
         <run_address>0x44ca</run_address>
         <size>0x24</size>
         <input_file_ref idref="fl-5"/>
      </object_component>
      <object_component id="oc-186">
         <name>.text:memccpy</name>
         <load_address>0x44ee</load_address>
         <run_address>0x44ee</run_address>
         <size>0x1c</size>
         <input_file_ref idref="fl-da"/>
      </object_component>
      <object_component id="oc-288">
         <name>.text:copysign</name>
         <load_address>0x450a</load_address>
         <run_address>0x450a</run_address>
         <size>0x1a</size>
         <input_file_ref idref="fl-c8"/>
      </object_component>
      <object_component id="oc-f1">
         <name>.text:_outs</name>
         <load_address>0x4524</load_address>
         <run_address>0x4524</run_address>
         <size>0x18</size>
         <input_file_ref idref="fl-bf"/>
      </object_component>
      <object_component id="oc-221">
         <name>.text:strchr</name>
         <load_address>0x453c</load_address>
         <run_address>0x453c</run_address>
         <size>0x16</size>
         <input_file_ref idref="fl-db"/>
      </object_component>
      <object_component id="oc-157">
         <name>.text:strlen</name>
         <load_address>0x4552</load_address>
         <run_address>0x4552</run_address>
         <size>0x14</size>
         <input_file_ref idref="fl-dc"/>
      </object_component>
      <object_component id="oc-18c">
         <name>.text:wcslen</name>
         <load_address>0x4566</load_address>
         <run_address>0x4566</run_address>
         <size>0x12</size>
         <input_file_ref idref="fl-de"/>
      </object_component>
      <object_component id="oc-74">
         <name>.text</name>
         <load_address>0x4578</load_address>
         <run_address>0x4578</run_address>
         <size>0x10</size>
         <input_file_ref idref="fl-3"/>
      </object_component>
      <object_component id="oc-1b">
         <name>.text:decompress:none:__TI_decompress_none</name>
         <load_address>0x4588</load_address>
         <run_address>0x4588</run_address>
         <size>0xe</size>
         <input_file_ref idref="fl-c2"/>
      </object_component>
      <object_component id="oc-53">
         <name>.text:decompress:ZI:__TI_zero_init</name>
         <load_address>0x4596</load_address>
         <run_address>0x4596</run_address>
         <size>0xc</size>
         <input_file_ref idref="fl-c1"/>
      </object_component>
      <object_component id="oc-27">
         <name>.text</name>
         <load_address>0x45a2</load_address>
         <run_address>0x45a2</run_address>
         <size>0xc</size>
         <input_file_ref idref="fl-4"/>
      </object_component>
      <object_component id="oc-f7">
         <name>.text:_outc</name>
         <load_address>0x45ae</load_address>
         <run_address>0x45ae</run_address>
         <size>0xa</size>
         <input_file_ref idref="fl-bf"/>
      </object_component>
      <object_component id="oc-192">
         <name>.text:__aeabi_errno_addr</name>
         <load_address>0x45b8</load_address>
         <run_address>0x45b8</run_address>
         <size>0x8</size>
         <input_file_ref idref="fl-dd"/>
      </object_component>
      <object_component id="oc-ce">
         <name>.text:_system_pre_init</name>
         <load_address>0x45c0</load_address>
         <run_address>0x45c0</run_address>
         <size>0x4</size>
         <input_file_ref idref="fl-d2"/>
      </object_component>
      <object_component id="oc-119">
         <name>.text:abort:abort</name>
         <load_address>0x45c4</load_address>
         <run_address>0x45c4</run_address>
         <size>0x4</size>
         <input_file_ref idref="fl-d4"/>
      </object_component>
      <object_component id="oc-1ca">
         <name>.const:.string:_ctypes_</name>
         <load_address>0x45c8</load_address>
         <run_address>0x45c8</run_address>
         <size>0x101</size>
         <input_file_ref idref="fl-d9"/>
      </object_component>
      <object_component id="oc-2ef">
         <name>.cinit..data.load</name>
         <load_address>0x46d0</load_address>
         <run_address>0x46d0</run_address>
         <size>0x18</size>
      </object_component>
      <object_component id="oc-2ed">
         <name>__TI_handler_table</name>
         <load_address>0x46e8</load_address>
         <run_address>0x46e8</run_address>
         <size>0xc</size>
      </object_component>
      <object_component id="oc-2f0">
         <name>.cinit..bss.load</name>
         <load_address>0x46f8</load_address>
         <run_address>0x46f8</run_address>
         <size>0x8</size>
      </object_component>
      <object_component id="oc-2ee">
         <name>__TI_cinit_table</name>
         <load_address>0x4700</load_address>
         <run_address>0x4700</run_address>
         <size>0x10</size>
      </object_component>
      <object_component id="oc-84">
         <name>.data</name>
         <load_address>0x20001514</load_address>
         <run_address>0x20001514</run_address>
         <size>0x20</size>
         <input_file_ref idref="fl-2"/>
      </object_component>
      <object_component id="oc-231">
         <name>.data</name>
         <load_address>0x20001534</load_address>
         <run_address>0x20001534</run_address>
         <size>0x4</size>
         <input_file_ref idref="fl-dd"/>
      </object_component>
      <object_component id="oc-9b">
         <name>.common:action</name>
         <uninitialized>true</uninitialized>
         <run_address>0x200014d2</run_address>
         <size>0xc</size>
      </object_component>
      <object_component id="oc-9d">
         <name>.common:data</name>
         <uninitialized>true</uninitialized>
         <run_address>0x200012f8</run_address>
         <size>0x7a</size>
      </object_component>
      <object_component id="oc-9e">
         <name>.common:destAddress</name>
         <uninitialized>true</uninitialized>
         <run_address>0x20001509</run_address>
         <size>0x1</size>
      </object_component>
      <object_component id="oc-9f">
         <name>.common:chanNumber</name>
         <uninitialized>true</uninitialized>
         <run_address>0x20001508</run_address>
         <size>0x1</size>
      </object_component>
      <object_component id="oc-a0">
         <name>.common:value</name>
         <uninitialized>true</uninitialized>
         <run_address>0x200014f6</run_address>
         <size>0xc</size>
      </object_component>
      <object_component id="oc-89">
         <name>.common:message</name>
         <uninitialized>true</uninitialized>
         <run_address>0x20001000</run_address>
         <size>0x2f8</size>
      </object_component>
      <object_component id="oc-9a">
         <name>.common:tempstring</name>
         <uninitialized>true</uninitialized>
         <run_address>0x200013d6</run_address>
         <size>0x64</size>
      </object_component>
      <object_component id="oc-91">
         <name>.common:rx_data</name>
         <uninitialized>true</uninitialized>
         <run_address>0x2000149e</run_address>
         <size>0x34</size>
      </object_component>
      <object_component id="oc-9c">
         <name>.common:d</name>
         <uninitialized>true</uninitialized>
         <run_address>0x20001502</run_address>
         <size>0x2</size>
      </object_component>
      <object_component id="oc-90">
         <name>.common:rx_dest</name>
         <uninitialized>true</uninitialized>
         <run_address>0x2000150d</run_address>
         <size>0x1</size>
      </object_component>
      <object_component id="oc-92">
         <name>.common:rx_s</name>
         <uninitialized>true</uninitialized>
         <run_address>0x2000150e</run_address>
         <size>0x1</size>
      </object_component>
      <object_component id="oc-93">
         <name>.common:rx_seq</name>
         <uninitialized>true</uninitialized>
         <run_address>0x2000150f</run_address>
         <size>0x1</size>
      </object_component>
      <object_component id="oc-94">
         <name>.common:rx_cmd</name>
         <uninitialized>true</uninitialized>
         <run_address>0x2000150c</run_address>
         <size>0x1</size>
      </object_component>
      <object_component id="oc-95">
         <name>.common:rx_chan</name>
         <uninitialized>true</uninitialized>
         <run_address>0x2000150a</run_address>
         <size>0x1</size>
      </object_component>
      <object_component id="oc-96">
         <name>.common:rx_size</name>
         <uninitialized>true</uninitialized>
         <run_address>0x20001510</run_address>
         <size>0x1</size>
      </object_component>
      <object_component id="oc-97">
         <name>.common:rx_d</name>
         <uninitialized>true</uninitialized>
         <run_address>0x200014ea</run_address>
         <size>0xc</size>
      </object_component>
      <object_component id="oc-98">
         <name>.common:rx_check</name>
         <uninitialized>true</uninitialized>
         <run_address>0x2000150b</run_address>
         <size>0x1</size>
      </object_component>
      <object_component id="oc-99">
         <name>.common:data_pd</name>
         <uninitialized>true</uninitialized>
         <run_address>0x200014de</run_address>
         <size>0xc</size>
      </object_component>
      <object_component id="oc-87">
         <name>.common:str</name>
         <uninitialized>true</uninitialized>
         <run_address>0x20001372</run_address>
         <size>0x64</size>
      </object_component>
      <object_component id="oc-88">
         <name>.common:u_data</name>
         <uninitialized>true</uninitialized>
         <run_address>0x2000143a</run_address>
         <size>0x64</size>
      </object_component>
      <object_component id="oc-80">
         <name>.common:p</name>
         <uninitialized>true</uninitialized>
         <run_address>0x20001504</run_address>
         <size>0x2</size>
      </object_component>
      <object_component id="oc-83">
         <name>.common:seed</name>
         <uninitialized>true</uninitialized>
         <run_address>0x20001506</run_address>
         <size>0x2</size>
      </object_component>
      <object_component id="oc-24">
         <name>.stack</name>
         <uninitialized>true</uninitialized>
         <run_address>0x20000000</run_address>
         <size>0x4</size>
         <input_file_ref idref="fl-c4"/>
      </object_component>
      <object_component id="oc-2f2">
         <name>.stack</name>
         <uninitialized>true</uninitialized>
         <run_address>0x20000000</run_address>
         <size>0x0</size>
      </object_component>
      <object_component id="oc-81">
         <name>.debug_info</name>
         <load_address>0x0</load_address>
         <run_address>0x0</run_address>
         <size>0x608</size>
         <input_file_ref idref="fl-2"/>
      </object_component>
      <object_component id="oc-85">
         <name>.debug_info</name>
         <load_address>0x608</load_address>
         <run_address>0x608</run_address>
         <size>0x465</size>
         <input_file_ref idref="fl-2"/>
      </object_component>
      <object_component id="oc-2e">
         <name>.debug_info</name>
         <load_address>0xa6d</load_address>
         <run_address>0xa6d</run_address>
         <size>0x1cb4</size>
         <input_file_ref idref="fl-2"/>
      </object_component>
      <object_component id="oc-ae">
         <name>.debug_info</name>
         <load_address>0x2721</load_address>
         <run_address>0x2721</run_address>
         <size>0x26b</size>
         <input_file_ref idref="fl-2"/>
      </object_component>
      <object_component id="oc-e4">
         <name>.debug_info</name>
         <load_address>0x298c</load_address>
         <run_address>0x298c</run_address>
         <size>0x214</size>
         <input_file_ref idref="fl-2"/>
      </object_component>
      <object_component id="oc-a7">
         <name>.debug_info</name>
         <load_address>0x2ba0</load_address>
         <run_address>0x2ba0</run_address>
         <size>0x8b</size>
         <input_file_ref idref="fl-2"/>
      </object_component>
      <object_component id="oc-104">
         <name>.debug_info</name>
         <load_address>0x2c2b</load_address>
         <run_address>0x2c2b</run_address>
         <size>0x2a4</size>
         <input_file_ref idref="fl-2"/>
      </object_component>
      <object_component id="oc-a2">
         <name>.debug_info</name>
         <load_address>0x2ecf</load_address>
         <run_address>0x2ecf</run_address>
         <size>0xbb</size>
         <input_file_ref idref="fl-2"/>
      </object_component>
      <object_component id="oc-ff">
         <name>.debug_info</name>
         <load_address>0x2f8a</load_address>
         <run_address>0x2f8a</run_address>
         <size>0x2c</size>
         <input_file_ref idref="fl-2"/>
      </object_component>
      <object_component id="oc-75">
         <name>.debug_info</name>
         <load_address>0x2fb6</load_address>
         <run_address>0x2fb6</run_address>
         <size>0x113</size>
         <input_file_ref idref="fl-3"/>
      </object_component>
      <object_component id="oc-3c">
         <name>.debug_info</name>
         <load_address>0x30c9</load_address>
         <run_address>0x30c9</run_address>
         <size>0x84</size>
         <input_file_ref idref="fl-3"/>
      </object_component>
      <object_component id="oc-35">
         <name>.debug_info</name>
         <load_address>0x314d</load_address>
         <run_address>0x314d</run_address>
         <size>0x2f1</size>
         <input_file_ref idref="fl-4"/>
      </object_component>
      <object_component id="oc-13">
         <name>.debug_info</name>
         <load_address>0x343e</load_address>
         <run_address>0x343e</run_address>
         <size>0xe6</size>
         <input_file_ref idref="fl-4"/>
      </object_component>
      <object_component id="oc-28">
         <name>.debug_info</name>
         <load_address>0x3524</load_address>
         <run_address>0x3524</run_address>
         <size>0x262</size>
         <input_file_ref idref="fl-4"/>
      </object_component>
      <object_component id="oc-7c">
         <name>.debug_info</name>
         <load_address>0x3786</load_address>
         <run_address>0x3786</run_address>
         <size>0x11d</size>
         <input_file_ref idref="fl-5"/>
      </object_component>
      <object_component id="oc-fe">
         <name>.debug_info</name>
         <load_address>0x38a3</load_address>
         <run_address>0x38a3</run_address>
         <size>0x333</size>
         <input_file_ref idref="fl-bf"/>
      </object_component>
      <object_component id="oc-8e">
         <name>.debug_info</name>
         <load_address>0x3bd6</load_address>
         <run_address>0x3bd6</run_address>
         <size>0x1d1</size>
         <input_file_ref idref="fl-bf"/>
      </object_component>
      <object_component id="oc-f2">
         <name>.debug_info</name>
         <load_address>0x3da7</load_address>
         <run_address>0x3da7</run_address>
         <size>0x18d</size>
         <input_file_ref idref="fl-bf"/>
      </object_component>
      <object_component id="oc-fb">
         <name>.debug_info</name>
         <load_address>0x3f34</load_address>
         <run_address>0x3f34</run_address>
         <size>0x16d</size>
         <input_file_ref idref="fl-bf"/>
      </object_component>
      <object_component id="oc-238">
         <name>.debug_info</name>
         <load_address>0x40a1</load_address>
         <run_address>0x40a1</run_address>
         <size>0x2c</size>
         <input_file_ref idref="fl-bf"/>
      </object_component>
      <object_component id="oc-44">
         <name>.debug_info</name>
         <load_address>0x40cd</load_address>
         <run_address>0x40cd</run_address>
         <size>0x119</size>
         <input_file_ref idref="fl-c0"/>
      </object_component>
      <object_component id="oc-c7">
         <name>.debug_info</name>
         <load_address>0x41e6</load_address>
         <run_address>0x41e6</run_address>
         <size>0x2d4</size>
         <input_file_ref idref="fl-c1"/>
      </object_component>
      <object_component id="oc-55">
         <name>.debug_info</name>
         <load_address>0x44ba</load_address>
         <run_address>0x44ba</run_address>
         <size>0x1b5</size>
         <input_file_ref idref="fl-c1"/>
      </object_component>
      <object_component id="oc-c2">
         <name>.debug_info</name>
         <load_address>0x466f</load_address>
         <run_address>0x466f</run_address>
         <size>0x46</size>
         <input_file_ref idref="fl-c1"/>
      </object_component>
      <object_component id="oc-110">
         <name>.debug_info</name>
         <load_address>0x46b5</load_address>
         <run_address>0x46b5</run_address>
         <size>0x2c</size>
         <input_file_ref idref="fl-c1"/>
      </object_component>
      <object_component id="oc-4c">
         <name>.debug_info</name>
         <load_address>0x46e1</load_address>
         <run_address>0x46e1</run_address>
         <size>0x2a8</size>
         <input_file_ref idref="fl-c2"/>
      </object_component>
      <object_component id="oc-1c">
         <name>.debug_info</name>
         <load_address>0x4989</load_address>
         <run_address>0x4989</run_address>
         <size>0x1ea</size>
         <input_file_ref idref="fl-c2"/>
      </object_component>
      <object_component id="oc-47">
         <name>.debug_info</name>
         <load_address>0x4b73</load_address>
         <run_address>0x4b73</run_address>
         <size>0x46</size>
         <input_file_ref idref="fl-c2"/>
      </object_component>
      <object_component id="oc-ba">
         <name>.debug_info</name>
         <load_address>0x4bb9</load_address>
         <run_address>0x4bb9</run_address>
         <size>0x2c</size>
         <input_file_ref idref="fl-c2"/>
      </object_component>
      <object_component id="oc-b8">
         <name>.debug_info</name>
         <load_address>0x4be5</load_address>
         <run_address>0x4be5</run_address>
         <size>0x29e</size>
         <input_file_ref idref="fl-c3"/>
      </object_component>
      <object_component id="oc-16">
         <name>.debug_info</name>
         <load_address>0x4e83</load_address>
         <run_address>0x4e83</run_address>
         <size>0x250</size>
         <input_file_ref idref="fl-c3"/>
      </object_component>
      <object_component id="oc-37">
         <name>.debug_info</name>
         <load_address>0x50d3</load_address>
         <run_address>0x50d3</run_address>
         <size>0x60</size>
         <input_file_ref idref="fl-c3"/>
      </object_component>
      <object_component id="oc-109">
         <name>.debug_info</name>
         <load_address>0x5133</load_address>
         <run_address>0x5133</run_address>
         <size>0x46</size>
         <input_file_ref idref="fl-c3"/>
      </object_component>
      <object_component id="oc-b3">
         <name>.debug_info</name>
         <load_address>0x5179</load_address>
         <run_address>0x5179</run_address>
         <size>0x39</size>
         <input_file_ref idref="fl-c3"/>
      </object_component>
      <object_component id="oc-25">
         <name>.debug_info</name>
         <load_address>0x51b2</load_address>
         <run_address>0x51b2</run_address>
         <size>0x10b</size>
         <input_file_ref idref="fl-c4"/>
      </object_component>
      <object_component id="oc-63">
         <name>.debug_info</name>
         <load_address>0x52bd</load_address>
         <run_address>0x52bd</run_address>
         <size>0x1a9</size>
         <input_file_ref idref="fl-c4"/>
      </object_component>
      <object_component id="oc-199">
         <name>.debug_info</name>
         <load_address>0x5466</load_address>
         <run_address>0x5466</run_address>
         <size>0x590</size>
         <input_file_ref idref="fl-c5"/>
      </object_component>
      <object_component id="oc-166">
         <name>.debug_info</name>
         <load_address>0x59f6</load_address>
         <run_address>0x59f6</run_address>
         <size>0x21e</size>
         <input_file_ref idref="fl-c5"/>
      </object_component>
      <object_component id="oc-1fd">
         <name>.debug_info</name>
         <load_address>0x5c14</load_address>
         <run_address>0x5c14</run_address>
         <size>0x1b3</size>
         <input_file_ref idref="fl-c5"/>
      </object_component>
      <object_component id="oc-203">
         <name>.debug_info</name>
         <load_address>0x5dc7</load_address>
         <run_address>0x5dc7</run_address>
         <size>0x21b</size>
         <input_file_ref idref="fl-c5"/>
      </object_component>
      <object_component id="oc-171">
         <name>.debug_info</name>
         <load_address>0x5fe2</load_address>
         <run_address>0x5fe2</run_address>
         <size>0x3c0</size>
         <input_file_ref idref="fl-c5"/>
      </object_component>
      <object_component id="oc-20a">
         <name>.debug_info</name>
         <load_address>0x63a2</load_address>
         <run_address>0x63a2</run_address>
         <size>0x30a</size>
         <input_file_ref idref="fl-c5"/>
      </object_component>
      <object_component id="oc-210">
         <name>.debug_info</name>
         <load_address>0x66ac</load_address>
         <run_address>0x66ac</run_address>
         <size>0x215</size>
         <input_file_ref idref="fl-c5"/>
      </object_component>
      <object_component id="oc-177">
         <name>.debug_info</name>
         <load_address>0x68c1</load_address>
         <run_address>0x68c1</run_address>
         <size>0x215</size>
         <input_file_ref idref="fl-c5"/>
      </object_component>
      <object_component id="oc-17d">
         <name>.debug_info</name>
         <load_address>0x6ad6</load_address>
         <run_address>0x6ad6</run_address>
         <size>0x304</size>
         <input_file_ref idref="fl-c5"/>
      </object_component>
      <object_component id="oc-183">
         <name>.debug_info</name>
         <load_address>0x6dda</load_address>
         <run_address>0x6dda</run_address>
         <size>0x4b5</size>
         <input_file_ref idref="fl-c5"/>
      </object_component>
      <object_component id="oc-ee">
         <name>.debug_info</name>
         <load_address>0x728f</load_address>
         <run_address>0x728f</run_address>
         <size>0x5f4</size>
         <input_file_ref idref="fl-c5"/>
      </object_component>
      <object_component id="oc-19a">
         <name>.debug_info</name>
         <load_address>0x7883</load_address>
         <run_address>0x7883</run_address>
         <size>0x86</size>
         <input_file_ref idref="fl-c5"/>
      </object_component>
      <object_component id="oc-23d">
         <name>.debug_info</name>
         <load_address>0x7909</load_address>
         <run_address>0x7909</run_address>
         <size>0x39</size>
         <input_file_ref idref="fl-c5"/>
      </object_component>
      <object_component id="oc-29f">
         <name>.debug_info</name>
         <load_address>0x7942</load_address>
         <run_address>0x7942</run_address>
         <size>0xb6</size>
         <input_file_ref idref="fl-c5"/>
      </object_component>
      <object_component id="oc-242">
         <name>.debug_info</name>
         <load_address>0x79f8</load_address>
         <run_address>0x79f8</run_address>
         <size>0x46</size>
         <input_file_ref idref="fl-c5"/>
      </object_component>
      <object_component id="oc-19f">
         <name>.debug_info</name>
         <load_address>0x7a3e</load_address>
         <run_address>0x7a3e</run_address>
         <size>0x46</size>
         <input_file_ref idref="fl-c5"/>
      </object_component>
      <object_component id="oc-282">
         <name>.debug_info</name>
         <load_address>0x7a84</load_address>
         <run_address>0x7a84</run_address>
         <size>0x29a</size>
         <input_file_ref idref="fl-c6"/>
      </object_component>
      <object_component id="oc-218">
         <name>.debug_info</name>
         <load_address>0x7d1e</load_address>
         <run_address>0x7d1e</run_address>
         <size>0x195</size>
         <input_file_ref idref="fl-c6"/>
      </object_component>
      <object_component id="oc-2ba">
         <name>.debug_info</name>
         <load_address>0x7eb3</load_address>
         <run_address>0x7eb3</run_address>
         <size>0x39</size>
         <input_file_ref idref="fl-c6"/>
      </object_component>
      <object_component id="oc-283">
         <name>.debug_info</name>
         <load_address>0x7eec</load_address>
         <run_address>0x7eec</run_address>
         <size>0x2c</size>
         <input_file_ref idref="fl-c6"/>
      </object_component>
      <object_component id="oc-28f">
         <name>.debug_info</name>
         <load_address>0x7f18</load_address>
         <run_address>0x7f18</run_address>
         <size>0x2fd</size>
         <input_file_ref idref="fl-c7"/>
      </object_component>
      <object_component id="oc-21c">
         <name>.debug_info</name>
         <load_address>0x8215</load_address>
         <run_address>0x8215</run_address>
         <size>0x225</size>
         <input_file_ref idref="fl-c7"/>
      </object_component>
      <object_component id="oc-289">
         <name>.debug_info</name>
         <load_address>0x843a</load_address>
         <run_address>0x843a</run_address>
         <size>0x161</size>
         <input_file_ref idref="fl-c8"/>
      </object_component>
      <object_component id="oc-1d1">
         <name>.debug_info</name>
         <load_address>0x859b</load_address>
         <run_address>0x859b</run_address>
         <size>0x134</size>
         <input_file_ref idref="fl-c9"/>
      </object_component>
      <object_component id="oc-cb">
         <name>.debug_info</name>
         <load_address>0x86cf</load_address>
         <run_address>0x86cf</run_address>
         <size>0x147</size>
         <input_file_ref idref="fl-ca"/>
      </object_component>
      <object_component id="oc-1f6">
         <name>.debug_info</name>
         <load_address>0x8816</load_address>
         <run_address>0x8816</run_address>
         <size>0x14c</size>
         <input_file_ref idref="fl-cb"/>
      </object_component>
      <object_component id="oc-16b">
         <name>.debug_info</name>
         <load_address>0x8962</load_address>
         <run_address>0x8962</run_address>
         <size>0x128</size>
         <input_file_ref idref="fl-cc"/>
      </object_component>
      <object_component id="oc-1e1">
         <name>.debug_info</name>
         <load_address>0x8a8a</load_address>
         <run_address>0x8a8a</run_address>
         <size>0x12a</size>
         <input_file_ref idref="fl-cc"/>
      </object_component>
      <object_component id="oc-1de">
         <name>.debug_info</name>
         <load_address>0x8bb4</load_address>
         <run_address>0x8bb4</run_address>
         <size>0x13a</size>
         <input_file_ref idref="fl-cd"/>
      </object_component>
      <object_component id="oc-1d7">
         <name>.debug_info</name>
         <load_address>0x8cee</load_address>
         <run_address>0x8cee</run_address>
         <size>0x13a</size>
         <input_file_ref idref="fl-ce"/>
      </object_component>
      <object_component id="oc-1e7">
         <name>.debug_info</name>
         <load_address>0x8e28</load_address>
         <run_address>0x8e28</run_address>
         <size>0x12e</size>
         <input_file_ref idref="fl-cf"/>
      </object_component>
      <object_component id="oc-1f3">
         <name>.debug_info</name>
         <load_address>0x8f56</load_address>
         <run_address>0x8f56</run_address>
         <size>0x12c</size>
         <input_file_ref idref="fl-d0"/>
      </object_component>
      <object_component id="oc-1b3">
         <name>.debug_info</name>
         <load_address>0x9082</load_address>
         <run_address>0x9082</run_address>
         <size>0x4b3</size>
         <input_file_ref idref="fl-d1"/>
      </object_component>
      <object_component id="oc-128">
         <name>.debug_info</name>
         <load_address>0x9535</load_address>
         <run_address>0x9535</run_address>
         <size>0x1a6</size>
         <input_file_ref idref="fl-d1"/>
      </object_component>
      <object_component id="oc-257">
         <name>.debug_info</name>
         <load_address>0x96db</load_address>
         <run_address>0x96db</run_address>
         <size>0x39</size>
         <input_file_ref idref="fl-d1"/>
      </object_component>
      <object_component id="oc-2a7">
         <name>.debug_info</name>
         <load_address>0x9714</load_address>
         <run_address>0x9714</run_address>
         <size>0x39</size>
         <input_file_ref idref="fl-d1"/>
      </object_component>
      <object_component id="oc-25c">
         <name>.debug_info</name>
         <load_address>0x974d</load_address>
         <run_address>0x974d</run_address>
         <size>0x39</size>
         <input_file_ref idref="fl-d1"/>
      </object_component>
      <object_component id="oc-261">
         <name>.debug_info</name>
         <load_address>0x9786</load_address>
         <run_address>0x9786</run_address>
         <size>0xcd</size>
         <input_file_ref idref="fl-d1"/>
      </object_component>
      <object_component id="oc-cf">
         <name>.debug_info</name>
         <load_address>0x9853</load_address>
         <run_address>0x9853</run_address>
         <size>0x153</size>
         <input_file_ref idref="fl-d2"/>
      </object_component>
      <object_component id="oc-11b">
         <name>.debug_info</name>
         <load_address>0x99a6</load_address>
         <run_address>0x99a6</run_address>
         <size>0x122</size>
         <input_file_ref idref="fl-d4"/>
      </object_component>
      <object_component id="oc-27a">
         <name>.debug_info</name>
         <load_address>0x9ac8</load_address>
         <run_address>0x9ac8</run_address>
         <size>0x29c</size>
         <input_file_ref idref="fl-d6"/>
      </object_component>
      <object_component id="oc-1ee">
         <name>.debug_info</name>
         <load_address>0x9d64</load_address>
         <run_address>0x9d64</run_address>
         <size>0x1da</size>
         <input_file_ref idref="fl-d6"/>
      </object_component>
      <object_component id="oc-1ce">
         <name>.debug_info</name>
         <load_address>0x9f3e</load_address>
         <run_address>0x9f3e</run_address>
         <size>0x2b9</size>
         <input_file_ref idref="fl-d8"/>
      </object_component>
      <object_component id="oc-161">
         <name>.debug_info</name>
         <load_address>0xa1f7</load_address>
         <run_address>0xa1f7</run_address>
         <size>0x17c</size>
         <input_file_ref idref="fl-d8"/>
      </object_component>
      <object_component id="oc-26c">
         <name>.debug_info</name>
         <load_address>0xa373</load_address>
         <run_address>0xa373</run_address>
         <size>0xf9</size>
         <input_file_ref idref="fl-d9"/>
      </object_component>
      <object_component id="oc-1cb">
         <name>.debug_info</name>
         <load_address>0xa46c</load_address>
         <run_address>0xa46c</run_address>
         <size>0x105</size>
         <input_file_ref idref="fl-d9"/>
      </object_component>
      <object_component id="oc-229">
         <name>.debug_info</name>
         <load_address>0xa571</load_address>
         <run_address>0xa571</run_address>
         <size>0x2a7</size>
         <input_file_ref idref="fl-da"/>
      </object_component>
      <object_component id="oc-187">
         <name>.debug_info</name>
         <load_address>0xa818</load_address>
         <run_address>0xa818</run_address>
         <size>0x1b8</size>
         <input_file_ref idref="fl-da"/>
      </object_component>
      <object_component id="oc-291">
         <name>.debug_info</name>
         <load_address>0xa9d0</load_address>
         <run_address>0xa9d0</run_address>
         <size>0x29a</size>
         <input_file_ref idref="fl-db"/>
      </object_component>
      <object_component id="oc-224">
         <name>.debug_info</name>
         <load_address>0xac6a</load_address>
         <run_address>0xac6a</run_address>
         <size>0x262</size>
         <input_file_ref idref="fl-db"/>
      </object_component>
      <object_component id="oc-1c9">
         <name>.debug_info</name>
         <load_address>0xaecc</load_address>
         <run_address>0xaecc</run_address>
         <size>0x28f</size>
         <input_file_ref idref="fl-dc"/>
      </object_component>
      <object_component id="oc-15a">
         <name>.debug_info</name>
         <load_address>0xb15b</load_address>
         <run_address>0xb15b</run_address>
         <size>0x245</size>
         <input_file_ref idref="fl-dc"/>
      </object_component>
      <object_component id="oc-235">
         <name>.debug_info</name>
         <load_address>0xb3a0</load_address>
         <run_address>0xb3a0</run_address>
         <size>0x289</size>
         <input_file_ref idref="fl-dd"/>
      </object_component>
      <object_component id="oc-232">
         <name>.debug_info</name>
         <load_address>0xb629</load_address>
         <run_address>0xb629</run_address>
         <size>0x10e</size>
         <input_file_ref idref="fl-dd"/>
      </object_component>
      <object_component id="oc-195">
         <name>.debug_info</name>
         <load_address>0xb737</load_address>
         <run_address>0xb737</run_address>
         <size>0x14e</size>
         <input_file_ref idref="fl-dd"/>
      </object_component>
      <object_component id="oc-230">
         <name>.debug_info</name>
         <load_address>0xb885</load_address>
         <run_address>0xb885</run_address>
         <size>0x28f</size>
         <input_file_ref idref="fl-de"/>
      </object_component>
      <object_component id="oc-18e">
         <name>.debug_info</name>
         <load_address>0xbb14</load_address>
         <run_address>0xbb14</run_address>
         <size>0x15a</size>
         <input_file_ref idref="fl-de"/>
      </object_component>
      <object_component id="oc-294">
         <name>.debug_info</name>
         <load_address>0xbc6e</load_address>
         <run_address>0xbc6e</run_address>
         <size>0x46</size>
         <input_file_ref idref="fl-de"/>
      </object_component>
      <object_component id="oc-22b">
         <name>.debug_info</name>
         <load_address>0xbcb4</load_address>
         <run_address>0xbcb4</run_address>
         <size>0x39</size>
         <input_file_ref idref="fl-de"/>
      </object_component>
      <object_component id="oc-272">
         <name>.debug_info</name>
         <load_address>0xbced</load_address>
         <run_address>0xbced</run_address>
         <size>0x115</size>
         <input_file_ref idref="fl-df"/>
      </object_component>
      <object_component id="oc-2f3">
         <name>.debug_info</name>
         <load_address>0xbe02</load_address>
         <run_address>0xbe02</run_address>
         <size>0x99</size>
      </object_component>
      <object_component id="oc-e3">
         <name>.debug_line</name>
         <load_address>0x0</load_address>
         <run_address>0x0</run_address>
         <size>0x94</size>
         <input_file_ref idref="fl-2"/>
      </object_component>
      <object_component id="oc-ea">
         <name>.debug_line</name>
         <load_address>0x94</load_address>
         <run_address>0x94</run_address>
         <size>0x2f</size>
         <input_file_ref idref="fl-2"/>
      </object_component>
      <object_component id="oc-31">
         <name>.debug_line</name>
         <load_address>0xc3</load_address>
         <run_address>0xc3</run_address>
         <size>0x96d</size>
         <input_file_ref idref="fl-2"/>
      </object_component>
      <object_component id="oc-b1">
         <name>.debug_line</name>
         <load_address>0xa30</load_address>
         <run_address>0xa30</run_address>
         <size>0x6f</size>
         <input_file_ref idref="fl-2"/>
      </object_component>
      <object_component id="oc-e7">
         <name>.debug_line</name>
         <load_address>0xa9f</load_address>
         <run_address>0xa9f</run_address>
         <size>0x2f</size>
         <input_file_ref idref="fl-2"/>
      </object_component>
      <object_component id="oc-aa">
         <name>.debug_line</name>
         <load_address>0xace</load_address>
         <run_address>0xace</run_address>
         <size>0x20</size>
         <input_file_ref idref="fl-2"/>
      </object_component>
      <object_component id="oc-107">
         <name>.debug_line</name>
         <load_address>0xaee</load_address>
         <run_address>0xaee</run_address>
         <size>0x73</size>
         <input_file_ref idref="fl-2"/>
      </object_component>
      <object_component id="oc-a5">
         <name>.debug_line</name>
         <load_address>0xb61</load_address>
         <run_address>0xb61</run_address>
         <size>0x70</size>
         <input_file_ref idref="fl-2"/>
      </object_component>
      <object_component id="oc-102">
         <name>.debug_line</name>
         <load_address>0xbd1</load_address>
         <run_address>0xbd1</run_address>
         <size>0x6b</size>
         <input_file_ref idref="fl-2"/>
      </object_component>
      <object_component id="oc-79">
         <name>.debug_line</name>
         <load_address>0xc3c</load_address>
         <run_address>0xc3c</run_address>
         <size>0x43</size>
         <input_file_ref idref="fl-3"/>
      </object_component>
      <object_component id="oc-3f">
         <name>.debug_line</name>
         <load_address>0xc7f</load_address>
         <run_address>0xc7f</run_address>
         <size>0x20</size>
         <input_file_ref idref="fl-3"/>
      </object_component>
      <object_component id="oc-ad">
         <name>.debug_line</name>
         <load_address>0xc9f</load_address>
         <run_address>0xc9f</run_address>
         <size>0x41</size>
         <input_file_ref idref="fl-4"/>
      </object_component>
      <object_component id="oc-34">
         <name>.debug_line</name>
         <load_address>0xce0</load_address>
         <run_address>0xce0</run_address>
         <size>0x41</size>
         <input_file_ref idref="fl-4"/>
      </object_component>
      <object_component id="oc-2b">
         <name>.debug_line</name>
         <load_address>0xd21</load_address>
         <run_address>0xd21</run_address>
         <size>0xa1</size>
         <input_file_ref idref="fl-4"/>
      </object_component>
      <object_component id="oc-7f">
         <name>.debug_line</name>
         <load_address>0xdc2</load_address>
         <run_address>0xdc2</run_address>
         <size>0x52</size>
         <input_file_ref idref="fl-5"/>
      </object_component>
      <object_component id="oc-1a7">
         <name>.debug_line</name>
         <load_address>0xe14</load_address>
         <run_address>0xe14</run_address>
         <size>0x2d</size>
         <input_file_ref idref="fl-bf"/>
      </object_component>
      <object_component id="oc-8d">
         <name>.debug_line</name>
         <load_address>0xe41</load_address>
         <run_address>0xe41</run_address>
         <size>0x4b</size>
         <input_file_ref idref="fl-bf"/>
      </object_component>
      <object_component id="oc-f6">
         <name>.debug_line</name>
         <load_address>0xe8c</load_address>
         <run_address>0xe8c</run_address>
         <size>0x4b</size>
         <input_file_ref idref="fl-bf"/>
      </object_component>
      <object_component id="oc-fa">
         <name>.debug_line</name>
         <load_address>0xed7</load_address>
         <run_address>0xed7</run_address>
         <size>0x3f</size>
         <input_file_ref idref="fl-bf"/>
      </object_component>
      <object_component id="oc-23b">
         <name>.debug_line</name>
         <load_address>0xf16</load_address>
         <run_address>0xf16</run_address>
         <size>0x91</size>
         <input_file_ref idref="fl-bf"/>
      </object_component>
      <object_component id="oc-42">
         <name>.debug_line</name>
         <load_address>0xfa7</load_address>
         <run_address>0xfa7</run_address>
         <size>0x88</size>
         <input_file_ref idref="fl-c0"/>
      </object_component>
      <object_component id="oc-116">
         <name>.debug_line</name>
         <load_address>0x102f</load_address>
         <run_address>0x102f</run_address>
         <size>0x92</size>
         <input_file_ref idref="fl-c1"/>
      </object_component>
      <object_component id="oc-58">
         <name>.debug_line</name>
         <load_address>0x10c1</load_address>
         <run_address>0x10c1</run_address>
         <size>0x53</size>
         <input_file_ref idref="fl-c1"/>
      </object_component>
      <object_component id="oc-c5">
         <name>.debug_line</name>
         <load_address>0x1114</load_address>
         <run_address>0x1114</run_address>
         <size>0x34</size>
         <input_file_ref idref="fl-c1"/>
      </object_component>
      <object_component id="oc-113">
         <name>.debug_line</name>
         <load_address>0x1148</load_address>
         <run_address>0x1148</run_address>
         <size>0x92</size>
         <input_file_ref idref="fl-c1"/>
      </object_component>
      <object_component id="oc-c0">
         <name>.debug_line</name>
         <load_address>0x11da</load_address>
         <run_address>0x11da</run_address>
         <size>0x20</size>
         <input_file_ref idref="fl-c2"/>
      </object_component>
      <object_component id="oc-20">
         <name>.debug_line</name>
         <load_address>0x11fa</load_address>
         <run_address>0x11fa</run_address>
         <size>0x55</size>
         <input_file_ref idref="fl-c2"/>
      </object_component>
      <object_component id="oc-4a">
         <name>.debug_line</name>
         <load_address>0x124f</load_address>
         <run_address>0x124f</run_address>
         <size>0x3a</size>
         <input_file_ref idref="fl-c2"/>
      </object_component>
      <object_component id="oc-bd">
         <name>.debug_line</name>
         <load_address>0x1289</load_address>
         <run_address>0x1289</run_address>
         <size>0x92</size>
         <input_file_ref idref="fl-c2"/>
      </object_component>
      <object_component id="oc-10f">
         <name>.debug_line</name>
         <load_address>0x131b</load_address>
         <run_address>0x131b</run_address>
         <size>0x20</size>
         <input_file_ref idref="fl-c3"/>
      </object_component>
      <object_component id="oc-1a">
         <name>.debug_line</name>
         <load_address>0x133b</load_address>
         <run_address>0x133b</run_address>
         <size>0xa9</size>
         <input_file_ref idref="fl-c3"/>
      </object_component>
      <object_component id="oc-3a">
         <name>.debug_line</name>
         <load_address>0x13e4</load_address>
         <run_address>0x13e4</run_address>
         <size>0x3a</size>
         <input_file_ref idref="fl-c3"/>
      </object_component>
      <object_component id="oc-10c">
         <name>.debug_line</name>
         <load_address>0x141e</load_address>
         <run_address>0x141e</run_address>
         <size>0x9a</size>
         <input_file_ref idref="fl-c3"/>
      </object_component>
      <object_component id="oc-b6">
         <name>.debug_line</name>
         <load_address>0x14b8</load_address>
         <run_address>0x14b8</run_address>
         <size>0x96</size>
         <input_file_ref idref="fl-c3"/>
      </object_component>
      <object_component id="oc-72">
         <name>.debug_line</name>
         <load_address>0x154e</load_address>
         <run_address>0x154e</run_address>
         <size>0x33</size>
         <input_file_ref idref="fl-c4"/>
      </object_component>
      <object_component id="oc-61">
         <name>.debug_line</name>
         <load_address>0x1581</load_address>
         <run_address>0x1581</run_address>
         <size>0x45</size>
         <input_file_ref idref="fl-c4"/>
      </object_component>
      <object_component id="oc-237">
         <name>.debug_line</name>
         <load_address>0x15c6</load_address>
         <run_address>0x15c6</run_address>
         <size>0x264</size>
         <input_file_ref idref="fl-c5"/>
      </object_component>
      <object_component id="oc-165">
         <name>.debug_line</name>
         <load_address>0x182a</load_address>
         <run_address>0x182a</run_address>
         <size>0x7a</size>
         <input_file_ref idref="fl-c5"/>
      </object_component>
      <object_component id="oc-1fc">
         <name>.debug_line</name>
         <load_address>0x18a4</load_address>
         <run_address>0x18a4</run_address>
         <size>0x51</size>
         <input_file_ref idref="fl-c5"/>
      </object_component>
      <object_component id="oc-201">
         <name>.debug_line</name>
         <load_address>0x18f5</load_address>
         <run_address>0x18f5</run_address>
         <size>0x88</size>
         <input_file_ref idref="fl-c5"/>
      </object_component>
      <object_component id="oc-16f">
         <name>.debug_line</name>
         <load_address>0x197d</load_address>
         <run_address>0x197d</run_address>
         <size>0x14d</size>
         <input_file_ref idref="fl-c5"/>
      </object_component>
      <object_component id="oc-209">
         <name>.debug_line</name>
         <load_address>0x1aca</load_address>
         <run_address>0x1aca</run_address>
         <size>0xee</size>
         <input_file_ref idref="fl-c5"/>
      </object_component>
      <object_component id="oc-20e">
         <name>.debug_line</name>
         <load_address>0x1bb8</load_address>
         <run_address>0x1bb8</run_address>
         <size>0x5d</size>
         <input_file_ref idref="fl-c5"/>
      </object_component>
      <object_component id="oc-175">
         <name>.debug_line</name>
         <load_address>0x1c15</load_address>
         <run_address>0x1c15</run_address>
         <size>0x5c</size>
         <input_file_ref idref="fl-c5"/>
      </object_component>
      <object_component id="oc-17c">
         <name>.debug_line</name>
         <load_address>0x1c71</load_address>
         <run_address>0x1c71</run_address>
         <size>0xae</size>
         <input_file_ref idref="fl-c5"/>
      </object_component>
      <object_component id="oc-181">
         <name>.debug_line</name>
         <load_address>0x1d1f</load_address>
         <run_address>0x1d1f</run_address>
         <size>0x1b0</size>
         <input_file_ref idref="fl-c5"/>
      </object_component>
      <object_component id="oc-ed">
         <name>.debug_line</name>
         <load_address>0x1ecf</load_address>
         <run_address>0x1ecf</run_address>
         <size>0x76f</size>
         <input_file_ref idref="fl-c5"/>
      </object_component>
      <object_component id="oc-19d">
         <name>.debug_line</name>
         <load_address>0x263e</load_address>
         <run_address>0x263e</run_address>
         <size>0x92</size>
         <input_file_ref idref="fl-c5"/>
      </object_component>
      <object_component id="oc-240">
         <name>.debug_line</name>
         <load_address>0x26d0</load_address>
         <run_address>0x26d0</run_address>
         <size>0x92</size>
         <input_file_ref idref="fl-c5"/>
      </object_component>
      <object_component id="oc-2a2">
         <name>.debug_line</name>
         <load_address>0x2762</load_address>
         <run_address>0x2762</run_address>
         <size>0x9a</size>
         <input_file_ref idref="fl-c5"/>
      </object_component>
      <object_component id="oc-245">
         <name>.debug_line</name>
         <load_address>0x27fc</load_address>
         <run_address>0x27fc</run_address>
         <size>0x97</size>
         <input_file_ref idref="fl-c5"/>
      </object_component>
      <object_component id="oc-1a2">
         <name>.debug_line</name>
         <load_address>0x2893</load_address>
         <run_address>0x2893</run_address>
         <size>0x2e</size>
         <input_file_ref idref="fl-c5"/>
      </object_component>
      <object_component id="oc-2b9">
         <name>.debug_line</name>
         <load_address>0x28c1</load_address>
         <run_address>0x28c1</run_address>
         <size>0x20</size>
         <input_file_ref idref="fl-c6"/>
      </object_component>
      <object_component id="oc-216">
         <name>.debug_line</name>
         <load_address>0x28e1</load_address>
         <run_address>0x28e1</run_address>
         <size>0x5e</size>
         <input_file_ref idref="fl-c6"/>
      </object_component>
      <object_component id="oc-2bd">
         <name>.debug_line</name>
         <load_address>0x293f</load_address>
         <run_address>0x293f</run_address>
         <size>0x9a</size>
         <input_file_ref idref="fl-c6"/>
      </object_component>
      <object_component id="oc-286">
         <name>.debug_line</name>
         <load_address>0x29d9</load_address>
         <run_address>0x29d9</run_address>
         <size>0x97</size>
         <input_file_ref idref="fl-c6"/>
      </object_component>
      <object_component id="oc-2c1">
         <name>.debug_line</name>
         <load_address>0x2a70</load_address>
         <run_address>0x2a70</run_address>
         <size>0x9b</size>
         <input_file_ref idref="fl-c7"/>
      </object_component>
      <object_component id="oc-21f">
         <name>.debug_line</name>
         <load_address>0x2b0b</load_address>
         <run_address>0x2b0b</run_address>
         <size>0x9c</size>
         <input_file_ref idref="fl-c7"/>
      </object_component>
      <object_component id="oc-28c">
         <name>.debug_line</name>
         <load_address>0x2ba7</load_address>
         <run_address>0x2ba7</run_address>
         <size>0x48</size>
         <input_file_ref idref="fl-c8"/>
      </object_component>
      <object_component id="oc-1d3">
         <name>.debug_line</name>
         <load_address>0x2bef</load_address>
         <run_address>0x2bef</run_address>
         <size>0x81</size>
         <input_file_ref idref="fl-c9"/>
      </object_component>
      <object_component id="oc-c9">
         <name>.debug_line</name>
         <load_address>0x2c70</load_address>
         <run_address>0x2c70</run_address>
         <size>0x79</size>
         <input_file_ref idref="fl-ca"/>
      </object_component>
      <object_component id="oc-1f9">
         <name>.debug_line</name>
         <load_address>0x2ce9</load_address>
         <run_address>0x2ce9</run_address>
         <size>0xd2</size>
         <input_file_ref idref="fl-cb"/>
      </object_component>
      <object_component id="oc-16a">
         <name>.debug_line</name>
         <load_address>0x2dbb</load_address>
         <run_address>0x2dbb</run_address>
         <size>0x77</size>
         <input_file_ref idref="fl-cc"/>
      </object_component>
      <object_component id="oc-1e4">
         <name>.debug_line</name>
         <load_address>0x2e32</load_address>
         <run_address>0x2e32</run_address>
         <size>0x77</size>
         <input_file_ref idref="fl-cc"/>
      </object_component>
      <object_component id="oc-1dc">
         <name>.debug_line</name>
         <load_address>0x2ea9</load_address>
         <run_address>0x2ea9</run_address>
         <size>0xa8</size>
         <input_file_ref idref="fl-cd"/>
      </object_component>
      <object_component id="oc-1da">
         <name>.debug_line</name>
         <load_address>0x2f51</load_address>
         <run_address>0x2f51</run_address>
         <size>0x8e</size>
         <input_file_ref idref="fl-ce"/>
      </object_component>
      <object_component id="oc-1e6">
         <name>.debug_line</name>
         <load_address>0x2fdf</load_address>
         <run_address>0x2fdf</run_address>
         <size>0x5a</size>
         <input_file_ref idref="fl-cf"/>
      </object_component>
      <object_component id="oc-1f2">
         <name>.debug_line</name>
         <load_address>0x3039</load_address>
         <run_address>0x3039</run_address>
         <size>0x50</size>
         <input_file_ref idref="fl-d0"/>
      </object_component>
      <object_component id="oc-256">
         <name>.debug_line</name>
         <load_address>0x3089</load_address>
         <run_address>0x3089</run_address>
         <size>0xbf</size>
         <input_file_ref idref="fl-d1"/>
      </object_component>
      <object_component id="oc-126">
         <name>.debug_line</name>
         <load_address>0x3148</load_address>
         <run_address>0x3148</run_address>
         <size>0x6f</size>
         <input_file_ref idref="fl-d1"/>
      </object_component>
      <object_component id="oc-25a">
         <name>.debug_line</name>
         <load_address>0x31b7</load_address>
         <run_address>0x31b7</run_address>
         <size>0x2e</size>
         <input_file_ref idref="fl-d1"/>
      </object_component>
      <object_component id="oc-2aa">
         <name>.debug_line</name>
         <load_address>0x31e5</load_address>
         <run_address>0x31e5</run_address>
         <size>0x9a</size>
         <input_file_ref idref="fl-d1"/>
      </object_component>
      <object_component id="oc-25f">
         <name>.debug_line</name>
         <load_address>0x327f</load_address>
         <run_address>0x327f</run_address>
         <size>0x97</size>
         <input_file_ref idref="fl-d1"/>
      </object_component>
      <object_component id="oc-264">
         <name>.debug_line</name>
         <load_address>0x3316</load_address>
         <run_address>0x3316</run_address>
         <size>0x93</size>
         <input_file_ref idref="fl-d1"/>
      </object_component>
      <object_component id="oc-d2">
         <name>.debug_line</name>
         <load_address>0x33a9</load_address>
         <run_address>0x33a9</run_address>
         <size>0x40</size>
         <input_file_ref idref="fl-d2"/>
      </object_component>
      <object_component id="oc-11e">
         <name>.debug_line</name>
         <load_address>0x33e9</load_address>
         <run_address>0x33e9</run_address>
         <size>0x3c</size>
         <input_file_ref idref="fl-d4"/>
      </object_component>
      <object_component id="oc-2b7">
         <name>.debug_line</name>
         <load_address>0x3425</load_address>
         <run_address>0x3425</run_address>
         <size>0x20</size>
         <input_file_ref idref="fl-d6"/>
      </object_component>
      <object_component id="oc-1ec">
         <name>.debug_line</name>
         <load_address>0x3445</load_address>
         <run_address>0x3445</run_address>
         <size>0x67</size>
         <input_file_ref idref="fl-d6"/>
      </object_component>
      <object_component id="oc-26e">
         <name>.debug_line</name>
         <load_address>0x34ac</load_address>
         <run_address>0x34ac</run_address>
         <size>0x91</size>
         <input_file_ref idref="fl-d8"/>
      </object_component>
      <object_component id="oc-160">
         <name>.debug_line</name>
         <load_address>0x353d</load_address>
         <run_address>0x353d</run_address>
         <size>0x63</size>
         <input_file_ref idref="fl-d8"/>
      </object_component>
      <object_component id="oc-2b4">
         <name>.debug_line</name>
         <load_address>0x35a0</load_address>
         <run_address>0x35a0</run_address>
         <size>0x20</size>
         <input_file_ref idref="fl-d9"/>
      </object_component>
      <object_component id="oc-26b">
         <name>.debug_line</name>
         <load_address>0x35c0</load_address>
         <run_address>0x35c0</run_address>
         <size>0x2b</size>
         <input_file_ref idref="fl-d9"/>
      </object_component>
      <object_component id="oc-293">
         <name>.debug_line</name>
         <load_address>0x35eb</load_address>
         <run_address>0x35eb</run_address>
         <size>0x20</size>
         <input_file_ref idref="fl-da"/>
      </object_component>
      <object_component id="oc-18b">
         <name>.debug_line</name>
         <load_address>0x360b</load_address>
         <run_address>0x360b</run_address>
         <size>0x48</size>
         <input_file_ref idref="fl-da"/>
      </object_component>
      <object_component id="oc-2c3">
         <name>.debug_line</name>
         <load_address>0x3653</load_address>
         <run_address>0x3653</run_address>
         <size>0x20</size>
         <input_file_ref idref="fl-db"/>
      </object_component>
      <object_component id="oc-223">
         <name>.debug_line</name>
         <load_address>0x3673</load_address>
         <run_address>0x3673</run_address>
         <size>0xb0</size>
         <input_file_ref idref="fl-db"/>
      </object_component>
      <object_component id="oc-269">
         <name>.debug_line</name>
         <load_address>0x3723</load_address>
         <run_address>0x3723</run_address>
         <size>0x20</size>
         <input_file_ref idref="fl-dc"/>
      </object_component>
      <object_component id="oc-158">
         <name>.debug_line</name>
         <load_address>0x3743</load_address>
         <run_address>0x3743</run_address>
         <size>0xb2</size>
         <input_file_ref idref="fl-dc"/>
      </object_component>
      <object_component id="oc-29e">
         <name>.debug_line</name>
         <load_address>0x37f5</load_address>
         <run_address>0x37f5</run_address>
         <size>0x20</size>
         <input_file_ref idref="fl-dd"/>
      </object_component>
      <object_component id="oc-29c">
         <name>.debug_line</name>
         <load_address>0x3815</load_address>
         <run_address>0x3815</run_address>
         <size>0x2b</size>
         <input_file_ref idref="fl-dd"/>
      </object_component>
      <object_component id="oc-194">
         <name>.debug_line</name>
         <load_address>0x3840</load_address>
         <run_address>0x3840</run_address>
         <size>0x40</size>
         <input_file_ref idref="fl-dd"/>
      </object_component>
      <object_component id="oc-29a">
         <name>.debug_line</name>
         <load_address>0x3880</load_address>
         <run_address>0x3880</run_address>
         <size>0x20</size>
         <input_file_ref idref="fl-de"/>
      </object_component>
      <object_component id="oc-191">
         <name>.debug_line</name>
         <load_address>0x38a0</load_address>
         <run_address>0x38a0</run_address>
         <size>0x46</size>
         <input_file_ref idref="fl-de"/>
      </object_component>
      <object_component id="oc-297">
         <name>.debug_line</name>
         <load_address>0x38e6</load_address>
         <run_address>0x38e6</run_address>
         <size>0x9a</size>
         <input_file_ref idref="fl-de"/>
      </object_component>
      <object_component id="oc-22e">
         <name>.debug_line</name>
         <load_address>0x3980</load_address>
         <run_address>0x3980</run_address>
         <size>0x91</size>
         <input_file_ref idref="fl-de"/>
      </object_component>
      <object_component id="oc-271">
         <name>.debug_line</name>
         <load_address>0x3a11</load_address>
         <run_address>0x3a11</run_address>
         <size>0x37</size>
         <input_file_ref idref="fl-df"/>
      </object_component>
      <object_component id="oc-32">
         <name>.debug_frame</name>
         <load_address>0x0</load_address>
         <run_address>0x0</run_address>
         <size>0x3dc</size>
         <input_file_ref idref="fl-2"/>
      </object_component>
      <object_component id="oc-78">
         <name>.debug_frame</name>
         <load_address>0x3dc</load_address>
         <run_address>0x3dc</run_address>
         <size>0x54</size>
         <input_file_ref idref="fl-3"/>
      </object_component>
      <object_component id="oc-2c">
         <name>.debug_frame</name>
         <load_address>0x430</load_address>
         <run_address>0x430</run_address>
         <size>0x90</size>
         <input_file_ref idref="fl-4"/>
      </object_component>
      <object_component id="oc-7b">
         <name>.debug_frame</name>
         <load_address>0x4c0</load_address>
         <run_address>0x4c0</run_address>
         <size>0x58</size>
         <input_file_ref idref="fl-5"/>
      </object_component>
      <object_component id="oc-8b">
         <name>.debug_frame</name>
         <load_address>0x518</load_address>
         <run_address>0x518</run_address>
         <size>0x70</size>
         <input_file_ref idref="fl-bf"/>
      </object_component>
      <object_component id="oc-f5">
         <name>.debug_frame</name>
         <load_address>0x588</load_address>
         <run_address>0x588</run_address>
         <size>0x5c</size>
         <input_file_ref idref="fl-bf"/>
      </object_component>
      <object_component id="oc-f8">
         <name>.debug_frame</name>
         <load_address>0x5e4</load_address>
         <run_address>0x5e4</run_address>
         <size>0x54</size>
         <input_file_ref idref="fl-bf"/>
      </object_component>
      <object_component id="oc-54">
         <name>.debug_frame</name>
         <load_address>0x638</load_address>
         <run_address>0x638</run_address>
         <size>0x54</size>
         <input_file_ref idref="fl-c1"/>
      </object_component>
      <object_component id="oc-1f">
         <name>.debug_frame</name>
         <load_address>0x68c</load_address>
         <run_address>0x68c</run_address>
         <size>0x54</size>
         <input_file_ref idref="fl-c2"/>
      </object_component>
      <object_component id="oc-19">
         <name>.debug_frame</name>
         <load_address>0x6e0</load_address>
         <run_address>0x6e0</run_address>
         <size>0x60</size>
         <input_file_ref idref="fl-c3"/>
      </object_component>
      <object_component id="oc-62">
         <name>.debug_frame</name>
         <load_address>0x740</load_address>
         <run_address>0x740</run_address>
         <size>0x50</size>
         <input_file_ref idref="fl-c4"/>
      </object_component>
      <object_component id="oc-164">
         <name>.debug_frame</name>
         <load_address>0x790</load_address>
         <run_address>0x790</run_address>
         <size>0x64</size>
[...]
         <value>0x2000150f</value>
      </symbol>
      <symbol id="sm-2f6">
         <name>rx_cmd</name>
         <value>0x2000150c</value>
      </symbol>
      <symbol id="sm-2f7">
         <name>rx_chan</name>
         <value>0x2000150a</value>
      </symbol>
      <symbol id="sm-2f8">
         <name>rx_size</name>
         <value>0x20001510</value>
      </symbol>
      <symbol id="sm-2f9">
         <name>rx_d</name>
         <value>0x200014ea</value>
      </symbol>
      <symbol id="sm-2fa">
         <name>rx_check</name>
         <value>0x2000150b</value>
      </symbol>
      <symbol id="sm-2fb">
         <name>data_pd</name>
         <value>0x200014de</value>
      </symbol>
      <symbol id="sm-2fc">
         <name>str</name>
         <value>0x20001372</value>
      </symbol>
      <symbol id="sm-2fd">
         <name>u_data</name>
         <value>0x2000143a</value>
      </symbol>
      <symbol id="sm-2fe">
         <name>p</name>
         <value>0x20001504</value>
      </symbol>
      <symbol id="sm-2ff">
         <name>seed</name>
         <value>0x20001506</value>
      </symbol>
      <symbol id="sm-300">
         <name>getcUart0</name>
         <value>0x875</value>
         <object_component_ref idref="oc-2d"/>
      </symbol>
      <symbol id="sm-301">
         <name>Ack_Valid</name>
         <value>0x20001517</value>
         <object_component_ref idref="oc-84"/>
      </symbol>
      <symbol id="sm-302">
         <name>number_of_digits</name>
         <value>0x575</value>
         <object_component_ref idref="oc-2d"/>
      </symbol>
      <symbol id="sm-303">
         <name>timer1Isr</name>
         <value>0x1db9</value>
         <object_component_ref idref="oc-2d"/>
      </symbol>
      <symbol id="sm-304">
         <name>strCompare</name>
         <value>0xd01</value>
         <object_component_ref idref="oc-2d"/>
      </symbol>
      <symbol id="sm-305">
         <name>Random_Valid</name>
         <value>0x20001516</value>
         <object_component_ref idref="oc-84"/>
      </symbol>
      <symbol id="sm-306">
         <name>process_data</name>
         <value>0x1141</value>
         <object_component_ref idref="oc-2d"/>
      </symbol>
      <symbol id="sm-307">
         <name>initHw</name>
         <value>0x26d</value>
         <object_component_ref idref="oc-2d"/>
      </symbol>
      <symbol id="sm-308">
         <name>sourceAddress</name>
         <value>0x20001518</value>
         <object_component_ref idref="oc-84"/>
      </symbol>
      <symbol id="sm-309">
         <name>w_index</name>
         <value>0x2000151d</value>
         <object_component_ref idref="oc-84"/>
      </symbol>
      <symbol id="sm-30a">
         <name>seq</name>
         <value>0x2000151a</value>
         <object_component_ref idref="oc-84"/>
      </symbol>
      <symbol id="sm-30b">
         <name>setRgbColor</name>
         <value>0x923</value>
         <object_component_ref idref="oc-2d"/>
      </symbol>
      <symbol id="sm-30c">
         <name>isCommand</name>
         <value>0xda1</value>
         <object_component_ref idref="oc-2d"/>
      </symbol>
      <symbol id="sm-30d">
         <name>power</name>
         <value>0xc15</value>
         <object_component_ref idref="oc-2d"/>
      </symbol>
      <symbol id="sm-30e">
         <name>setSourceAddress</name>
         <value>0x98d</value>
         <object_component_ref idref="oc-2d"/>
      </symbol>
      <symbol id="sm-30f">
         <name>getFieldString</name>
         <value>0xac7</value>
         <object_component_ref idref="oc-2d"/>
      </symbol>
      <symbol id="sm-310">
         <name>refreshTheMessage</name>
         <value>0xb45</value>
         <object_component_ref idref="oc-2d"/>
      </symbol>
      <symbol id="sm-311">
         <name>parity</name>
         <value>0x4f1</value>
         <object_component_ref idref="oc-2d"/>
      </symbol>
      <symbol id="sm-312">
         <name>u_rx_index</name>
         <value>0x20001527</value>
         <object_component_ref idref="oc-84"/>
      </symbol>
      <symbol id="sm-313">
         <name>wr</name>
         <value>0x20001522</value>
         <object_component_ref idref="oc-84"/>
      </symbol>
      <symbol id="sm-314">
         <name>msg_active</name>
         <value>0x2000151f</value>
         <object_component_ref idref="oc-84"/>
      </symbol>
      <symbol id="sm-315">
         <name>Cs_Valid</name>
         <value>0x20001515</value>
         <object_component_ref idref="oc-84"/>
      </symbol>
      <symbol id="sm-316">
         <name>i_to_a</name>
         <value>0x5d1</value>
         <object_component_ref idref="oc-2d"/>
      </symbol>
      <symbol id="sm-317">
         <name>T</name>
         <value>0x2000152a</value>
         <object_component_ref idref="oc-84"/>
      </symbol>
      <symbol id="sm-318">
         <name>parseFields</name>
         <value>0x9dd</value>
         <object_component_ref idref="oc-2d"/>
      </symbol>
      <symbol id="sm-319">
         <name>pack_size</name>
         <value>0x20001519</value>
         <object_component_ref idref="oc-84"/>
      </symbol>
      <symbol id="sm-31a">
         <name>kbhitUart0</name>
         <value>0x889</value>
         <object_component_ref idref="oc-2d"/>
      </symbol>
      <symbol id="sm-31b">
         <name>re_tx</name>
         <value>0x2000152f</value>
         <object_component_ref idref="oc-84"/>
      </symbol>
      <symbol id="sm-31c">
         <name>sq</name>
         <value>0x20001532</value>
         <object_component_ref idref="oc-84"/>
      </symbol>
      <symbol id="sm-31d">
         <name>getFieldInteger</name>
         <value>0xc51</value>
         <object_component_ref idref="oc-2d"/>
      </symbol>
      <symbol id="sm-31e">
         <name>rr</name>
         <value>0x20001523</value>
         <object_component_ref idref="oc-84"/>
      </symbol>
      <symbol id="sm-31f">
         <name>uart0Isr</name>
         <value>0x6c9</value>
         <object_component_ref idref="oc-2d"/>
      </symbol>
      <symbol id="sm-320">
         <name>sendRS485Byte</name>
         <value>0x1811</value>
         <object_component_ref idref="oc-2d"/>
      </symbol>
      <symbol id="sm-321">
         <name>u_tx_index</name>
         <value>0x20001526</value>
         <object_component_ref idref="oc-84"/>
      </symbol>
      <symbol id="sm-322">
         <name>main</name>
         <value>0x2655</value>
         <object_component_ref idref="oc-2d"/>
      </symbol>
      <symbol id="sm-323">
         <name>r_index</name>
         <value>0x2000151e</value>
         <object_component_ref idref="oc-84"/>
      </symbol>
      <symbol id="sm-324">
         <name>redLed</name>
         <value>0x971</value>
         <object_component_ref idref="oc-2d"/>
      </symbol>
      <symbol id="sm-325">
         <name>pul</name>
         <value>0x20001533</value>
         <object_component_ref idref="oc-84"/>
      </symbol>
      <symbol id="sm-326">
         <name>resetHw</name>
         <value>0x9af</value>
         <object_component_ref idref="oc-2d"/>
      </symbol>
      <symbol id="sm-327">
         <name>processCommand</name>
         <value>0x2029</value>
         <object_component_ref idref="oc-2d"/>
      </symbol>
      <symbol id="sm-328">
         <name>msg_in_phase</name>
         <value>0x2000151c</value>
         <object_component_ref idref="oc-84"/>
      </symbol>
      <symbol id="sm-329">
         <name>uart1Isr</name>
         <value>0x1675</value>
         <object_component_ref idref="oc-2d"/>
      </symbol>
      <symbol id="sm-32a">
         <name>random</name>
         <value>0x533</value>
         <object_component_ref idref="oc-2d"/>
      </symbol>
      <symbol id="sm-32b">
         <name>putsUart0</name>
         <value>0x845</value>
         <object_component_ref idref="oc-2d"/>
      </symbol>
      <symbol id="sm-32c">
         <name>putcUart0</name>
         <value>0x825</value>
         <object_component_ref idref="oc-2d"/>
      </symbol>
      <symbol id="sm-32d">
         <name>rx_phase</name>
         <value>0x20001521</value>
         <object_component_ref idref="oc-84"/>
      </symbol>
      <symbol id="sm-32e">
         <name>rx_blink</name>
         <value>0x20001531</value>
         <object_component_ref idref="oc-84"/>
      </symbol>
      <symbol id="sm-32f">
         <name>greenLed</name>
         <value>0x94f</value>
         <object_component_ref idref="oc-2d"/>
      </symbol>
      <symbol id="sm-330">
         <name>busy</name>
         <value>0x2000152c</value>
         <object_component_ref idref="oc-84"/>
      </symbol>
      <symbol id="sm-331">
         <name>u_data_clear</name>
         <value>0x659</value>
         <object_component_ref idref="oc-2d"/>
      </symbol>
      <symbol id="sm-332">
         <name>tx_led_timeout</name>
         <value>0x20001524</value>
         <object_component_ref idref="oc-84"/>
      </symbol>
      <symbol id="sm-333">
         <name>mbt</name>
         <value>0x20001528</value>
         <object_component_ref idref="oc-84"/>
      </symbol>
      <symbol id="sm-334">
         <name>test_done</name>
         <value>0x2000152e</value>
         <object_component_ref idref="oc-84"/>
      </symbol>
      <symbol id="sm-335">
         <name>tx_blink</name>
         <value>0x20001530</value>
         <object_component_ref idref="oc-84"/>
      </symbol>
      <symbol id="sm-336">
         <name>msg_in_progress</name>
         <value>0x2000151b</value>
         <object_component_ref idref="oc-84"/>
      </symbol>
      <symbol id="sm-337">
         <name>sendUImessage</name>
         <value>0x7a1</value>
         <object_component_ref idref="oc-2d"/>
      </symbol>
      <symbol id="sm-338">
         <name>flag</name>
         <value>0x20001514</value>
         <object_component_ref idref="oc-84"/>
      </symbol>
      <symbol id="sm-339">
         <name>rx_led_timeout</name>
         <value>0x20001525</value>
         <object_component_ref idref="oc-84"/>
      </symbol>
      <symbol id="sm-33a">
         <name>test_cs</name>
         <value>0x2000152d</value>
         <object_component_ref idref="oc-84"/>
      </symbol>
      <symbol id="sm-33b">
         <name>sendRS485</name>
         <value>0xe55</value>
         <object_component_ref idref="oc-2d"/>
      </symbol>
      <symbol id="sm-33c">
         <name>jumpToNextLine</name>
         <value>0x9b7</value>
         <object_component_ref idref="oc-2d"/>
      </symbol>
      <symbol id="sm-33d">
         <name>makeMessagesInvalid</name>
         <value>0xb0d</value>
         <object_component_ref idref="oc-2d"/>
      </symbol>
      <symbol id="sm-33e">
         <name>b_f</name>
         <value>0x20001520</value>
         <object_component_ref idref="oc-84"/>
      </symbol>
      <symbol id="sm-33f">
         <name>getsUart0</name>
         <value>0x8a9</value>
         <object_component_ref idref="oc-2d"/>
      </symbol>
      <symbol id="sm-351">
         <name>initSystemClockTo40Mhz</name>
         <value>0x4579</value>
         <object_component_ref idref="oc-74"/>
      </symbol>
      <symbol id="sm-36d">
         <name>ResetISR</name>
         <value>0x45a3</value>
         <object_component_ref idref="oc-27"/>
      </symbol>
      <symbol id="sm-36e">
         <name>g_pfnVectors</name>
         <value>0x0</value>
         <object_component_ref idref="oc-12"/>
      </symbol>
      <symbol id="sm-37c">
         <name>waitMicrosecond</name>
         <value>0x44cb</value>
         <object_component_ref idref="oc-7a"/>
      </symbol>
      <symbol id="sm-3a3">
         <name>sprintf</name>
         <value>0x43e9</value>
         <object_component_ref idref="oc-8a"/>
      </symbol>
      <symbol id="sm-3be">
         <name>memcpy</name>
         <value>0x3e23</value>
         <object_component_ref idref="oc-41"/>
      </symbol>
      <symbol id="sm-3bf">
         <name>__aeabi_memcpy</name>
         <value>0x3e23</value>
         <object_component_ref idref="oc-41"/>
      </symbol>
      <symbol id="sm-3c0">
         <name>__aeabi_memcpy8</name>
         <value>0x3e23</value>
         <object_component_ref idref="oc-41"/>
      </symbol>
      <symbol id="sm-3c1">
         <name>__aeabi_memcpy4</name>
         <value>0x3e23</value>
         <object_component_ref idref="oc-41"/>
      </symbol>
      <symbol id="sm-3d8">
         <name>__TI_zero_init</name>
         <value>0x4597</value>
         <object_component_ref idref="oc-53"/>
      </symbol>
      <symbol id="sm-3ef">
         <name>__TI_decompress_none</name>
         <value>0x4589</value>
         <object_component_ref idref="oc-1b"/>
      </symbol>
      <symbol id="sm-412">
         <name>__TI_decompress_lzss</name>
         <value>0x4149</value>
         <object_component_ref idref="oc-15"/>
      </symbol>
      <symbol id="sm-425">
         <name>__stack</name>
         <value>0x20000000</value>
         <object_component_ref idref="oc-24"/>
      </symbol>
      <symbol id="sm-426">
         <name>_c_int00_noargs</name>
         <value>0x4469</value>
         <object_component_ref idref="oc-5f"/>
      </symbol>
      <symbol id="sm-58b">
         <name>__TI_printfi</name>
         <value>0x2785</value>
         <object_component_ref idref="oc-eb"/>
      </symbol>
      <symbol id="sm-5ab">
         <name>frexpl</name>
         <value>0x41b1</value>
         <object_component_ref idref="oc-215"/>
      </symbol>
      <symbol id="sm-5ac">
         <name>frexp</name>
         <value>0x41b1</value>
         <object_component_ref idref="oc-215"/>
      </symbol>
      <symbol id="sm-5c9">
         <name>scalbn</name>
         <value>0x3b65</value>
         <object_component_ref idref="oc-21b"/>
      </symbol>
      <symbol id="sm-5ca">
         <name>scalbnl</name>
         <value>0x3b65</value>
         <object_component_ref idref="oc-21b"/>
      </symbol>
      <symbol id="sm-5cb">
         <name>ldexpl</name>
         <value>0x3b65</value>
         <object_component_ref idref="oc-21b"/>
      </symbol>
      <symbol id="sm-5cc">
         <name>ldexp</name>
         <value>0x3b65</value>
         <object_component_ref idref="oc-21b"/>
      </symbol>
      <symbol id="sm-5d6">
         <name>copysign</name>
         <value>0x450b</value>
         <object_component_ref idref="oc-288"/>
      </symbol>
      <symbol id="sm-5d7">
         <name>copysignl</name>
         <value>0x450b</value>
         <object_component_ref idref="oc-288"/>
      </symbol>
      <symbol id="sm-5e4">
         <name>__aeabi_uldivmod</name>
         <value>0x3ebf</value>
         <object_component_ref idref="oc-1cf"/>
      </symbol>
      <symbol id="sm-5f3">
         <name>__aeabi_memset</name>
         <value>0x4063</value>
         <object_component_ref idref="oc-c8"/>
      </symbol>
      <symbol id="sm-5f4">
         <name>memset</name>
         <value>0x4069</value>
         <object_component_ref idref="oc-c8"/>
      </symbol>
      <symbol id="sm-5f5">
         <name>__aeabi_memset8</name>
         <value>0x4063</value>
         <object_component_ref idref="oc-c8"/>
      </symbol>
      <symbol id="sm-5f6">
         <name>__aeabi_memset4</name>
         <value>0x4063</value>
         <object_component_ref idref="oc-c8"/>
      </symbol>
      <symbol id="sm-5f7">
         <name>__aeabi_memclr8</name>
         <value>0x4061</value>
         <object_component_ref idref="oc-c8"/>
      </symbol>
      <symbol id="sm-5f8">
         <name>__aeabi_memclr4</name>
         <value>0x4061</value>
         <object_component_ref idref="oc-c8"/>
      </symbol>
      <symbol id="sm-5f9">
         <name>__aeabi_memclr</name>
         <value>0x4061</value>
         <object_component_ref idref="oc-c8"/>
      </symbol>
      <symbol id="sm-610">
         <name>__aeabi_dsub</name>
         <value>0x3615</value>
         <object_component_ref idref="oc-1f5"/>
      </symbol>
      <symbol id="sm-611">
         <name>__aeabi_dadd</name>
         <value>0x361f</value>
         <object_component_ref idref="oc-1f5"/>
      </symbol>
      <symbol id="sm-633">
         <name>__aeabi_cdcmpeq</name>
         <value>0x3f55</value>
         <object_component_ref idref="oc-169"/>
      </symbol>
      <symbol id="sm-634">
         <name>__aeabi_cdcmple</name>
         <value>0x3f55</value>
         <object_component_ref idref="oc-169"/>
      </symbol>
      <symbol id="sm-635">
         <name>__aeabi_cdrcmple</name>
         <value>0x3fdb</value>
         <object_component_ref idref="oc-1e0"/>
      </symbol>
      <symbol id="sm-649">
         <name>__aeabi_ddiv</name>
         <value>0x3909</value>
         <object_component_ref idref="oc-1db"/>
      </symbol>
      <symbol id="sm-654">
         <name>__aeabi_dmul</name>
         <value>0x3c75</value>
         <object_component_ref idref="oc-1d6"/>
      </symbol>
      <symbol id="sm-65e">
         <name>__aeabi_d2iz</name>
         <value>0x435d</value>
         <object_component_ref idref="oc-1e5"/>
      </symbol>
      <symbol id="sm-668">
         <name>__aeabi_i2d</name>
         <value>0x449d</value>
         <object_component_ref idref="oc-1f0"/>
      </symbol>
      <symbol id="sm-690">
         <name>__TI_auto_init_nobinit_nopinit</name>
         <value>0x43a5</value>
         <object_component_ref idref="oc-125"/>
      </symbol>
      <symbol id="sm-69a">
         <name>_system_pre_init</name>
         <value>0x45c1</value>
         <object_component_ref idref="oc-ce"/>
      </symbol>
      <symbol id="sm-6a6">
         <name>C$$EXIT</name>
         <value>0x45c5</value>
         <object_component_ref idref="oc-119"/>
      </symbol>
      <symbol id="sm-6a7">
         <name>abort</name>
         <value>0x45c5</value>
         <object_component_ref idref="oc-119"/>
      </symbol>
      <symbol id="sm-6b7">
         <name>__TI_ltoa</name>
         <value>0x426b</value>
         <object_component_ref idref="oc-1ea"/>
      </symbol>
      <symbol id="sm-6ce">
         <name>atoi</name>
         <value>0x4311</value>
         <object_component_ref idref="oc-15d"/>
      </symbol>
      <symbol id="sm-6d9">
         <name>_ctypes_</name>
         <value>0x45c8</value>
         <object_component_ref idref="oc-1ca"/>
      </symbol>
      <symbol id="sm-6e9">
         <name>memccpy</name>
         <value>0x44ef</value>
         <object_component_ref idref="oc-186"/>
      </symbol>
      <symbol id="sm-6f9">
         <name>strchr</name>
         <value>0x453d</value>
         <object_component_ref idref="oc-221"/>
      </symbol>
      <symbol id="sm-707">
         <name>strlen</name>
         <value>0x4553</value>
         <object_component_ref idref="oc-157"/>
      </symbol>
      <symbol id="sm-71d">
         <name>__aeabi_errno_addr</name>
         <value>0x45b9</value>
         <object_component_ref idref="oc-192"/>
      </symbol>
      <symbol id="sm-71e">
         <name>errno</name>
         <value>0x20001534</value>
         <object_component_ref idref="oc-231"/>
      </symbol>
      <symbol id="sm-737">
         <name>wcslen</name>
         <value>0x4567</value>
         <object_component_ref idref="oc-18c"/>
      </symbol>
      <symbol id="sm-741">
         <name>__aeabi_idiv0</name>
         <value>0x31d3</value>
         <object_component_ref idref="oc-26f"/>
      </symbol>
      <symbol id="sm-742">
         <name>__aeabi_ldiv0</name>
         <value>0x31d3</value>
         <object_component_ref idref="oc-26f"/>
      </symbol>
      <symbol id="sm-743">
         <name>__TI_static_base__</name>
         <value>0x0</value>
      </symbol>
      <symbol id="sm-746">
         <name>__mpu_init</name>
         <value>0x0</value>
      </symbol>
      <symbol id="sm-747">
         <name>_system_post_cinit</name>
         <value>0x0</value>
      </symbol>
   </symbol_table>
   <title>Link successful</title>
</link_info>
